ra,sp,t0,t1,t2,s0,s1,a0,Requested_Address,Requested_Instruction,Time_Step
00000000000000000000000000000000,00000000000000000000000000000000,00000000000000000000000000000000,00000000000000000000000000000000,00000000000000000000000000000000,00000000000000000000000000000000,00000000000000000000000000000000,00000000000000000000000000000000,00000000000000000000000000000000,00010010001101000101010000110111,0000000000000000
00000000000000000000000000000000,00000000000000000000000000000000,00000000000000000000000000000000,00000000000000000000000000000000,00000000000000000000000000000000,00000000000000000000000000000000,00000000000000000000000000000000,00000000000000000000000000000000,UUUUUUUUUUUUUUUUUUUUUUUUUUUUUUUU,UUUUUUUUUUUUUUUUUUUUUUUUUUUUUUUU,0000000000000001
00000000000000000000000000000000,00000000000000000000000000000000,00000000000000000000000000000000,00000000000000000000000000000000,00000000000000000000000000000000,00000000000000000000000000000000,00000000000000000000000000000000,00000000000000000000000000000000,UUUUUUUUUUUUUUUUUUUUUUUUUUUUUUUU,UUUUUUUUUUUUUUUUUUUUUUUUUUUUUUUU,0000000000000010
00000000000000000000000000000000,00000000000000000000000000000000,00000000000000000000000000000000,00000000000000000000000000000000,00000000000000000000000000000000,00000000000000000000000000000000,00000000000000000000000000000000,00000000000000000000000000000000,UUUUUUUUUUUUUUUUUUUUUUUUUUUUUUUU,UUUUUUUUUUUUUUUUUUUUUUUUUUUUUUUU,0000000000000011
00000000000000000000000000000000,00000000000000000000000000000000,00000000000000000000000000000000,00000000000000000000000000000000,00000000000000000000000000000000,00000000000000000000000000000000,00000000000000000000000000000000,00000000000000000000000000000000,UUUUUUUUUUUUUUUUUUUUUUUUUUUUUUUU,UUUUUUUUUUUUUUUUUUUUUUUUUUUUUUUU,0000000000000100
